# Logfile created on 2020-11-06 12:53:40 -0500 by logger.rb/v1.4.2
